0001	push	locally-modified	-
0002	pull	remotely-modified	-
0003	unresolved	conflict	-
0004	skip-conflict	conflict	-
0005	skip-dirty	locally-modified	-
0006	failed	locally-modified	retryable
0007	failed	locally-modified	terminal
0009	noop	remote-absent	-
0010	noop	indeterminate	-
#	discovery	ran	found=0
#	summary	synced	1