# work-item-read-field.sh golden file.
# Format: <frontmatter block, \n-encoded>|<field>|<exit_code>|<expected_output>
# work-item-read-status.sh needs no separate golden: it is a pure `exec`
# delegate to `work-item-read-field.sh status` (see Overview, Phase 1).
# Cross-checked against a real invocation at implementation time — see
# Phase 1 of the 0170 implementation plan.

id: "work-item:0042"\nstatus: draft\ntags: [a, b]|status|0|draft
id: "work-item:0042"\nstatus: draft\ntags: [a, b]|id|0|work-item:0042
id: "work-item:0042"\nstatus: draft\ntags: [a, b]|tags|0|[a, b]
id: "work-item:0042"\nstatus: draft\ntags: [a, b]|work_item_id|0|work-item:0042
id: "work-item:0042"\nstatus: draft\ntags: [a, b]|priority|1|Error: No 'priority' field found in frontmatter of <basename>.
work_item_id: 0099|id|0|0099
work_item_id: 0099|work_item_id|0|0099
title: 'single quoted'|title|0|single quoted

[NO_FRONTMATTER]
status|1|Error: No YAML frontmatter in <basename>. Add a '---' line as the first line of the file.

[UNCLOSED_FRONTMATTER]
status|1|Error: YAML frontmatter opened but not closed in <basename>. Add a '---' line after the last frontmatter key.

[MISSING_FILE]
status|1|Error: File not found: <path>
