# wip_canonicalise_id golden file.
# Format: <pattern>|<project_value>|<input>|<exit_code>|<expected_output>
# expected_output is stdout on exit 0, stderr message on non-zero exit.
# Cross-checked against real invocation of work-item-common.sh's
# wip_canonicalise_id at implementation time (see Phase 1 of the
# 0170 implementation plan).

{number:04d}||42|0|0042
{number:04d}||0042|0|0042
{number:04d}||"0042"|0|0042
{number:04d}||'0042'|0|0042
{project}-{number:04d}|PROJ|42|0|PROJ-0042
{project}-{number:04d}||42|1|E_PATTERN_MISSING_PROJECT: bare number '42' under pattern '{project}-{number:04d}' requires a project value
{project}-{number:04d}|PROJ|PROJ-0042|0|PROJ-0042
{project}-{number:04d}|PROJ|PROJ-42|0|PROJ-0042
{number:04d}||(empty)|1|E_PATTERN_BAD_FORMAT_SPEC: empty input
{number:04d}||not-an-id|1|E_PATTERN_BAD_FORMAT_SPEC: input 'not-an-id' is not a recognised ID shape
