# The sync-decision golden: one oracle read by every implementation.
#
# [DECIDE]           <direction>|<state>|<dirty>|<expected-action>
# [DECIDE_RUST_ONLY]  same shape, dirty=unknown. The bash harness has only a
#                     two-valued dirtiness test, so it would read "unknown"
#                     as clean — the opposite of the fail-safe. The row is
#                     inexpressible there, not disputed.
# [TOKEN]             <raw>|<expected-resolution>
# [TOKEN_RUST_ONLY]    same shape. The bash harness trims with a
#                      locale-dependent [:space:] class that can strip NBSP,
#                      so its answer for this row is not reliably "skip".
#                      Rust's ASCII-only trim has no such dependency.
#
# direction ∈ bidirectional|push-only|pull-only
# state ∈ synced|unsynced|locally-modified|remotely-modified|conflict
#          |remote-absent|indeterminate
# dirty ∈ 0|1|unknown — consulted only by the remotely-modified row; every
#   other state ignores it, so it is fixed at 0 there.
# expected (DECIDE) ∈ push|pull|skip-conflict|skip-dirty|prompt|noop
# expected (TOKEN) ∈ accept-remote|push-local|skip
#
# (empty) is the empty-value sentinel, as in work-item-file-dirty.golden and
# work-item-canonicalise-id.golden.
#
# (nbsp) marks a leading U+00A0 in <raw>, invisible in review otherwise. It
# must resolve to skip: a Unicode-aware fold-and-trim would resolve it to
# accept-remote instead, turning the deliberately safe default into a local
# overwrite for whitespace no human can see.

[DECIDE]
bidirectional|synced|0|noop
push-only|synced|0|noop
pull-only|synced|0|noop
bidirectional|unsynced|0|noop
push-only|unsynced|0|noop
pull-only|unsynced|0|noop
bidirectional|remote-absent|0|noop
push-only|remote-absent|0|noop
pull-only|remote-absent|0|noop
bidirectional|indeterminate|0|noop
push-only|indeterminate|0|noop
pull-only|indeterminate|0|noop
bidirectional|locally-modified|0|push
push-only|locally-modified|0|push
pull-only|locally-modified|0|noop
bidirectional|remotely-modified|0|pull
push-only|remotely-modified|0|noop
pull-only|remotely-modified|0|pull
bidirectional|remotely-modified|1|prompt
push-only|remotely-modified|1|noop
pull-only|remotely-modified|1|skip-dirty
bidirectional|conflict|0|prompt
push-only|conflict|0|skip-conflict
pull-only|conflict|0|skip-conflict

[DECIDE_RUST_ONLY]
bidirectional|remotely-modified|unknown|prompt
push-only|remotely-modified|unknown|noop
pull-only|remotely-modified|unknown|skip-dirty

[TOKEN]
  REMOTE |accept-remote
local|push-local
skip|skip
(empty)|skip
frobnicate|skip

[TOKEN_RUST_ONLY]
(nbsp)remote|skip
