## Project Context

The following project-specific context has been provided. Take this into
account when making decisions, selecting approaches, and generating output.

Team context prose.
Second line.

Local context prose.

## Skill-Specific Context

The following context is specific to the demo skill. Apply this
context in addition to any project-wide context above.

Skill context body.
Line two.
